Microsoft (R) Macro Assembler Version 5.00                  3/3/17 01:10:01
                                                             Page     1-1


				.386 
 0000				Data Segment 
 0000  64 62 73 74 72 69 6E	vars db "dbstring" 
       67			
 0008  2324F113			ddVar dd 13f12423h 
 000C  0023			dwvar dw 23h 
 = 001F				kvar = 1fh 
 000E				Data ends 
				 
 0000				Code Segment 
				 
				Assume cs:Code,ds:Data 
 0000					labl1: 
 0000  FA				cli 
 0001  3B 44BE 08			cmp eax, [esi+edi*4+8] 
 0005  66| E3 29			jcxz short lable 
 0008  80 7458 04 1F			xor byte ptr [eax+ebx*2+4], kvar 
 000D  83 35 00000008 R 22		xor ddvar, 22h 
 0014  B8 00000022			mov eax, 22h 
 0019  B4 1F				mov ah, kvar 
 001B  83 F8 1F				cmp eax, kvar 
 001E  66| E3 DF			jcxz near ptr labl1 
 0021  F6 FF				idiv bh 
 0023  8B D8				mov ebx,eax 
 0025  F7 FB				idiv ebx 
 0027  8A D8				mov bl,al 
 0029  F6 F8				idiv al 
 002B  86 4498 06			xchg byte ptr [ebx*4+eax+6], al 
 002F  F7 F8				idiv eax 
 0031					lable: 
 0031  CD 21				int 21h 
 0033				Code ends 
				end 
Microsoft (R) Macro Assembler Version 5.00                  3/3/17 01:10:01
                                                             Symbols-1




                N a m e         	Size	Length	 Align	Combine Class

CODE . . . . . . . . . . . . . .  	32 Bit	0033	PARA	NONE	
DATA . . . . . . . . . . . . . .  	32 Bit	000E	PARA	NONE	

Symbols:            

                N a m e         	Type	 Value	 Attr

DDVAR  . . . . . . . . . . . . .  	L DWORD	0008	DATA
DWVAR  . . . . . . . . . . . . .  	L WORD	000C	DATA

KVAR . . . . . . . . . . . . . .  	NUMBER	001F	

LABL1  . . . . . . . . . . . . .  	L NEAR	0000	CODE
LABLE  . . . . . . . . . . . . .  	L NEAR	0031	CODE

VARS . . . . . . . . . . . . . .  	L BYTE	0000	DATA

@FILENAME  . . . . . . . . . . .  	TEXT  asm		


     32 Source  Lines
     32 Total   Lines
     10 Symbols

  51002 + 465542 Bytes symbol space free

      0 Warning Errors
      0 Severe  Errors
